sh: 1: Syntax error: redirection unexpected
WARNING: ISic000160, Zotero data not found for key: HSQETNGN
WARNING: ISic000392, Zotero data not found for key: HSQETNGN
WARNING: ISic000392, Zotero data not found for key: VVHPQFD3
WARNING: ISic000419, Zotero data not found for key: P5TSMI73
WARNING: ISic000421, Zotero data not found for key: HSQETNGN
WARNING: ISic000421, Zotero data not found for key: JK38WFZI
WARNING: ISic000428, Zotero data not found for key: VVHPQFD3
WARNING: ISic000428, Zotero data not found for key: HSQETNGN
WARNING: ISic000463, Zotero data not found for key: PR2QAXGP
WARNING: ISic000495, Zotero data not found for key: VEL246T8
WARNING: ISic000497, Zotero data not found for key: PZTNVXXM
WARNING: ISic000537, Zotero data not found for key: QG2HNJQU
WARNING: ISic000566, Zotero data not found for key: XB9ZC9VF
WARNING: ISic000579, Zotero data not found for key: VVHPQFD3
WARNING: ISic000580, Zotero data not found for key: 3F3DEGND
WARNING: ISic000580, Zotero data not found for key: ZRGBK6DY
WARNING: ISic000581, Zotero data not found for key: N8BEV89J
WARNING: ISic000584, Zotero data not found for key: ZQQNUUZJ
WARNING: ISic000590, revisionDesc/@change="#deprecation" but no change with that @id
WARNING: ISic000611, Zotero data not found for key: GKRDTQ8F
WARNING: ISic000628, Zotero data not found for key: PR2QAXGP
WARNING: ISic000645, Zotero data not found for key: 8YSBQ8MM
WARNING: ISic000652, Zotero data not found for key: 8YSBQ8MM
WARNING: ISic000703, Zotero data not found for key: VVHPQFD3
WARNING: ISic000703, Zotero data not found for key: HSQETNGN
WARNING: ISic000754, Zotero data not found for key: 64V4R7JE
WARNING: ISic000756, Zotero data not found for key: GKRDTQ8F
WARNING: ISic000822, Zotero data not found for key: 5QX2D4PT
WARNING: ISic000869, Zotero data not found for key: PUUVXHW8
WARNING: ISic001009, Zotero data not found for key: S3G73QA2
WARNING: ISic001119, Zotero data not found for key: P9SXTG6Z
WARNING: ISic001172, Zotero data not found for key: N8BEV89J
WARNING: ISic001173, Zotero data not found for key: N8BEV89J
WARNING: ISic001174, Zotero data not found for key: QGRM45AD
WARNING: ISic001181, Zotero data not found for key: 8MDR32WG
WARNING: ISic001198, Zotero data not found for key: 3XJJ24LV
WARNING: ISic001274, Zotero data not found for key: 7VKRCTAP
WARNING: ISic001346, Zotero data not found for key: HSQETNGN
WARNING: ISic001397, Zotero data not found for key: W95DKLZ
WARNING: ISic001399, Zotero data not found for key: W95DKLZ
WARNING: ISic001416, Zotero data not found for key: I6XXZEB6
WARNING: ISic001416, Zotero data not found for key: I6XXZEB6
WARNING: ISic001419, Zotero data not found for key: 824J52KA
WARNING: ISic001432, Zotero data not found for key: 5J633JVI
WARNING: ISic001444, Zotero data not found for key: 5QX2D4PT
WARNING: ISic001445, Zotero data not found for key: 5QX2D4PT
WARNING: ISic001446, Zotero data not found for key: 5QX2D4PT
WARNING: ISic001449, Zotero data not found for key: 5QX2D4PT
WARNING: ISic001463, Zotero data not found for key: 5QX2D4PT
WARNING: ISic001464, Zotero data not found for key: 5QX2D4PT
WARNING: ISic001465, Zotero data not found for key: 5QX2D4PT
WARNING: ISic001471, Zotero data not found for key: 5QX2D4PT
WARNING: ISic001481, Zotero data not found for key: QIKRNCFK
WARNING: ISic001484, Zotero data not found for key: KV7SJ9VF
WARNING: ISic001486, Zotero data not found for key: XWF92UGN
WARNING: ISic001486, Zotero data not found for key: 5QX2D4PT
WARNING: ISic001486, Zotero data not found for key: RCBJEDMJ
WARNING: ISic001497, Zotero data not found for key: 8YSBQ8MM
WARNING: ISic001511, Zotero data not found for key: C357PU3F
WARNING: ISic001512, Zotero data not found for key: C357PU3F
WARNING: ISic001517, Zotero data not found for key: 8YSBQ8MM
WARNING: ISic001531, Zotero data not found for key: BN85Z8DI
WARNING: ISic001538, Zotero data not found for key: C357PU3F
WARNING: ISic001539, Zotero data not found for key: C357PU3F
WARNING: ISic001540, Zotero data not found for key: C357PU3F
WARNING: ISic001558, Zotero data not found for key: 5QX2D4PT
WARNING: ISic001558, Zotero data not found for key: RCBJEDMJ
WARNING: ISic001563, Zotero data not found for key: 5QX2D4PT
WARNING: ISic001583, Zotero data not found for key: C357PU3F
WARNING: ISic001584, Zotero data not found for key: C357PU3F
WARNING: ISic001585, Zotero data not found for key: C357PU3F
WARNING: ISic001586, Zotero data not found for key: C357PU3F
WARNING: ISic001587, Zotero data not found for key: C357PU3F
WARNING: ISic001588, Zotero data not found for key: C357PU3F
WARNING: ISic001589, Zotero data not found for key: C357PU3F
WARNING: ISic001590, Zotero data not found for key: C357PU3F
WARNING: ISic001591, Zotero data not found for key: C357PU3F
WARNING: ISic001592, Zotero data not found for key: C357PU3F
WARNING: ISic001593, Zotero data not found for key: C357PU3F
WARNING: ISic001594, Zotero data not found for key: C357PU3F
WARNING: ISic001595, Zotero data not found for key: C357PU3F
WARNING: ISic001596, Zotero data not found for key: C357PU3F
WARNING: ISic001597, Zotero data not found for key: C357PU3F
WARNING: ISic001598, Zotero data not found for key: C357PU3F
WARNING: ISic001599, Zotero data not found for key: C357PU3F
WARNING: ISic001600, Zotero data not found for key: C357PU3F
WARNING: ISic001601, Zotero data not found for key: C357PU3F
WARNING: ISic001602, Zotero data not found for key: C357PU3F
WARNING: ISic001603, Zotero data not found for key: C357PU3F
WARNING: ISic001604, Zotero data not found for key: C357PU3F
WARNING: ISic001605, Zotero data not found for key: C357PU3F
WARNING: ISic001606, Zotero data not found for key: C357PU3F
WARNING: ISic001607, Zotero data not found for key: C357PU3F
WARNING: ISic001608, Zotero data not found for key: C357PU3F
WARNING: ISic001609, Zotero data not found for key: C357PU3F
WARNING: ISic001610, Zotero data not found for key: C357PU3F
WARNING: ISic001611, Zotero data not found for key: C357PU3F
WARNING: ISic001612, Zotero data not found for key: C357PU3F
WARNING: ISic001613, Zotero data not found for key: C357PU3F
WARNING: ISic001614, Zotero data not found for key: C357PU3F
WARNING: ISic001615, Zotero data not found for key: C357PU3F
WARNING: ISic001616, Zotero data not found for key: C357PU3F
WARNING: ISic001617, Zotero data not found for key: C357PU3F
WARNING: ISic001633, Zotero data not found for key: 8YSBQ8MM
WARNING: ISic001660, Zotero data not found for key: EE9HKNTC
WARNING: ISic001693, Zotero data not found for key: CM7T8P48
WARNING: ISic001780, Zotero data not found for key: EE9HKNTC
WARNING: ISic001900, Zotero data not found for key: IWTBCB32
WARNING: ISic001900, Zotero data not found for key: PKPAES83
WARNING: ISic001904, Zotero data not found for key: SFEW4SFD
WARNING: ISic001910, Zotero data not found for key: 8YSBQ8MM
WARNING: ISic001953, Zotero data not found for key: PTFMQ5XC
WARNING: ISic001954, Zotero data not found for key: PTFMQ5XC
WARNING: ISic001984, Zotero data not found for key: D8YT5N6Y
WARNING: ISic001985, Zotero data not found for key: YHFC9RB5
WARNING: ISic001985, Zotero data not found for key: YHFC9RB5
WARNING: ISic002005, Zotero data not found for key: FF4L4PVT
WARNING: ISic002006, Zotero data not found for key: D8YT5N6Y
WARNING: ISic002061, Zotero data not found for key: PTFMQ5XC
WARNING: ISic002062, Zotero data not found for key: PTFMQ5XC
WARNING: ISic002063, Zotero data not found for key: PTFMQ5XC
WARNING: ISic003599, Zotero data not found for key: TLANX4H9
WARNING: ISic003599, Zotero data not found for key: TLANX4H9
WARNING: ISic003599, Zotero data not found for key: S3G73QA2
WARNING: ISic002095, Zotero data not found for key: 64V4R7JE
WARNING: ISic002104, Zotero data not found for key: LHNEVHEN
WARNING: ISic002104, Zotero data not found for key: JI6JALFR
WARNING: ISic002104, Zotero data not found for key: LHNEVHEN
WARNING: ISic002123, Zotero data not found for key: GP8EAVNI
WARNING: ISic002129, Zotero data not found for key: XED5YVUS
WARNING: ISic002130, Zotero data not found for key: 8YSBQ8MM
WARNING: ISic002133, Zotero data not found for key: TVJFIWIM
WARNING: ISic002137, Zotero data not found for key: 8YSBQ8MM
WARNING: ISic002723, Zotero data not found for key: I6XXZEB6
WARNING: ISic002729, Zotero data not found for key: 8YSBQ8MM
WARNING: ISic002830, Zotero data not found for key: N8BEV89J
WARNING: ISic002878, Zotero data not found for key: 7U6ARNDE
WARNING: ISic002879, Zotero data not found for key: I6XXZEB6
WARNING: ISic002922, Zotero data not found for key: 8YSBQ8MM
WARNING: ISic002936, Zotero data not found for key: S3G73QA2
WARNING: ISic002952, Zotero data not found for key: N8BEV89J
WARNING: ISic002986, Zotero data not found for key: C93D5VW4
WARNING: ISic002986, Zotero data not found for key: 5EAJX28I
WARNING: ISic002986, Zotero data not found for key: HHKUDGP6
WARNING: ISic002988, Zotero data not found for key: VEL246T8
WARNING: ISic002994, Zotero data not found for key: S3G73QA2
WARNING: ISic003150, Zotero data not found for key: 93LFW73G
WARNING: ISic003150, Zotero data not found for key: HSQETNGN
WARNING: ISic003154, Zotero data not found for key: AX9N44SI
WARNING: ISic003155, Zotero data not found for key: VVHPQFD3
WARNING: ISic003155, Zotero data not found for key: HSQETNGN
WARNING: ISic003156, Zotero data not found for key: VVHPQFD3
WARNING: ISic003156, Zotero data not found for key: HSQETNGN
WARNING: ISic003157, Zotero data not found for key: VVHPQFD3
WARNING: ISic003157, Zotero data not found for key: HSQETNGN
WARNING: ISic003198, Zotero data not found for key: S3G73QA2
WARNING: ISic003209, Zotero data not found for key: 93LFW73G
WARNING: ISic003209, Zotero data not found for key: HSQETNGN
WARNING: ISic003215, Zotero data not found for key: VVHPQFD3
WARNING: ISic003215, Zotero data not found for key: HSQETNGN
WARNING: ISic003216, Zotero data not found for key: VVHPQFD3
WARNING: ISic003216, Zotero data not found for key: HSQETNGN
WARNING: ISic003217, Zotero data not found for key: VVHPQFD3
WARNING: ISic003217, Zotero data not found for key: HSQETNGN
WARNING: ISic003218, Zotero data not found for key: VVHPQFD3
WARNING: ISic003218, Zotero data not found for key: HSQETNGN
WARNING: ISic003219, Zotero data not found for key: VVHPQFD3
WARNING: ISic003219, Zotero data not found for key: HSQETNGN
WARNING: ISic003220, Zotero data not found for key: VVHPQFD3
WARNING: ISic003220, Zotero data not found for key: HSQETNGN
WARNING: ISic003221, Zotero data not found for key: VVHPQFD3
WARNING: ISic003221, Zotero data not found for key: HSQETNGN
WARNING: ISic003222, Zotero data not found for key: 93LFW73G
WARNING: ISic003222, Zotero data not found for key: HSQETNGN
WARNING: ISic003224, Zotero data not found for key: MCBAPQH7
WARNING: ISic003225, Zotero data not found for key: VVHPQFD3
WARNING: ISic003225, Zotero data not found for key: HSQETNGN
WARNING: ISic003226, Zotero data not found for key: VVHPQFD3
WARNING: ISic003226, Zotero data not found for key: HSQETNGN
WARNING: ISic003232, Zotero data not found for key: VVHPQFD3
WARNING: ISic003232, Zotero data not found for key: HSQETNGN
WARNING: ISic003233, Zotero data not found for key: VVHPQFD3
WARNING: ISic003233, Zotero data not found for key: HSQETNGN
WARNING: ISic003235, Zotero data not found for key: 93LFW73G
WARNING: ISic003235, Zotero data not found for key: HSQETNGN
WARNING: ISic003237, Zotero data not found for key: HSQETNGN
WARNING: ISic003242, Zotero data not found for key: VVHPQFD3
WARNING: ISic003242, Zotero data not found for key: HSQETNGN
WARNING: ISic003244, Zotero data not found for key: VVHPQFD3
WARNING: ISic003244, Zotero data not found for key: HSQETNGN
WARNING: ISic003245, Zotero data not found for key: 93LFW73G
WARNING: ISic003245, Zotero data not found for key: HSQETNGN
WARNING: ISic003246, Zotero data not found for key: MCBAPQH7
WARNING: ISic003249, Zotero data not found for key: HSQETNGN
WARNING: ISic003250, Zotero data not found for key: VVHPQFD3
WARNING: ISic003250, Zotero data not found for key: HSQETNGN
WARNING: ISic003252, Zotero data not found for key: MCBAPQH7
WARNING: ISic003253, Zotero data not found for key: VVHPQFD3
WARNING: ISic003253, Zotero data not found for key: HSQETNGN
WARNING: ISic003254, Zotero data not found for key: VVHPQFD3
WARNING: ISic003254, Zotero data not found for key: HSQETNGN
WARNING: ISic003255, Zotero data not found for key: 93LFW73G
WARNING: ISic003255, Zotero data not found for key: HSQETNGN
WARNING: ISic003256, Zotero data not found for key: VVHPQFD3
WARNING: ISic003256, Zotero data not found for key: HSQETNGN
WARNING: ISic003257, Zotero data not found for key: VVHPQFD3
WARNING: ISic003257, Zotero data not found for key: HSQETNGN
WARNING: ISic003258, Zotero data not found for key: VVHPQFD3
WARNING: ISic003258, Zotero data not found for key: HSQETNGN
WARNING: ISic003261, Zotero data not found for key: VVHPQFD3
WARNING: ISic003261, Zotero data not found for key: HSQETNGN
WARNING: ISic003262, Zotero data not found for key: VVHPQFD3
WARNING: ISic003262, Zotero data not found for key: HSQETNGN
WARNING: ISic003265, Zotero data not found for key: 93LFW73G
WARNING: ISic003265, Zotero data not found for key: HSQETNGN
WARNING: ISic003267, Zotero data not found for key: 93LFW73G
WARNING: ISic003267, Zotero data not found for key: HSQETNGN
WARNING: ISic003268, Zotero data not found for key: 93LFW73G
WARNING: ISic003268, Zotero data not found for key: HSQETNGN
WARNING: ISic003273, Zotero data not found for key: 93LFW73G
WARNING: ISic003273, Zotero data not found for key: HSQETNGN
WARNING: ISic003274, Zotero data not found for key: 93LFW73G
WARNING: ISic003274, Zotero data not found for key: HSQETNGN
WARNING: ISic003275, Zotero data not found for key: 93LFW73G
WARNING: ISic003275, Zotero data not found for key: HSQETNGN
WARNING: ISic003281, Zotero data not found for key: 8YSBQ8MM
WARNING: ISic003298, Zotero data not found for key: 93LFW73G
WARNING: ISic003298, Zotero data not found for key: HSQETNGN
WARNING: ISic003300, Zotero data not found for key: 93LFW73G
WARNING: ISic003300, Zotero data not found for key: HSQETNGN
WARNING: ISic003305, Zotero data not found for key: HSQETNGN
WARNING: ISic003311, Zotero data not found for key: 93LFW73G
WARNING: ISic003311, Zotero data not found for key: HSQETNGN
WARNING: ISic003313, Zotero data not found for key: 93LFW73G
WARNING: ISic003313, Zotero data not found for key: HSQETNGN
WARNING: ISic003336, Zotero data not found for key: P9SXTG6Z
WARNING: ISic003337, Zotero data not found for key: ZQQNUUZJ
WARNING: ISic003364, Zotero data not found for key: NJCR7DQG
WARNING: ISic003364, Zotero data not found for key: RKH3UZKA
WARNING: ISic003375, Zotero data not found for key: 5QX2D4PT
WARNING: ISic003375, Zotero data not found for key: BKW9Q5A57P38BEKQ
WARNING: ISic003376, Zotero data not found for key: BKW9Q5A57P38BEKQ
WARNING: ISic003389, Zotero data not found for key: 5QX2D4PT
WARNING: ISic003390, Zotero data not found for key: KVYN6RR3
WARNING: ISic003390, Zotero data not found for key: AXP6R9HE
WARNING: ISic003413, revisionDesc/@change="'#deprecation" but no change with that @id
WARNING: ISic003423, Zotero data not found for key: WGVGB7EV
WARNING: ISic003446, revisionDesc/@change="'#deprecation" but no change with that @id
WARNING: ISic003471, Zotero data not found for key: I6XXZEB6
WARNING: ISic003486, Zotero data not found for key: P9SXTG6Z
WARNING: ISic003492, Zotero data not found for key: P9SXTG6Z
WARNING: ISic003493, Zotero data not found for key: P9SXTG6Z
WARNING: ISic003507, Zotero data not found for key: RHXWRC83
WARNING: ISic003544, Zotero data not found for key: UMZUAKJ
WARNING: ISic003546, Zotero data not found for key: DFBZIQ9W
WARNING: ISic003561, Zotero data not found for key: I6XXZEB6
WARNING: ISic003566, Zotero data not found for key: JDRZ9UWA
WARNING: ISic003570, Zotero data not found for key: X4NW52PK
WARNING: ISic003579, Zotero data not found for key: ZQQNUUZJ
WARNING: ISic003595, Zotero data not found for key: Q96B6VX3
WARNING: ISic003599, Zotero data not found for key: RHXWRC83
WARNING: ISic003599, Zotero data not found for key: RHXWRC83
WARNING: ISic003600, Zotero data not found for key: itemsXE269EBB
WARNING: ISic003614, Zotero data not found for key: 3Z7NQCM4
WARNING: ISic003616, Zotero data not found for key: BZ49Y48K
WARNING: ISic003616, Zotero data not found for key: BZ49Y48K
WARNING: ISic003628, Zotero data not found for key: LX4MRMIG
WARNING: ISic003638, Zotero data not found for key: 8YSBQ8MM
WARNING: ISic003661, Zotero data not found for key: NIWRHP8G
WARNING: ISic003667, Zotero data not found for key: HSQETNGN
WARNING: ISic003667, Zotero data not found for key: VVHPQFD3
WARNING: ISic003668, Zotero data not found for key: HSQETNGN
WARNING: ISic003668, Zotero data not found for key: VVHPQFD3
WARNING: ISic003669, Zotero data not found for key: HSQETNGN
WARNING: ISic003669, Zotero data not found for key: VVHPQFD3
WARNING: ISic003670, Zotero data not found for key: HSQETNGN
WARNING: ISic003670, Zotero data not found for key: VVHPQFD3
WARNING: ISic003671, Zotero data not found for key: HSQETNGN
WARNING: ISic003671, Zotero data not found for key: VVHPQFD3
WARNING: ISic003690, Zotero data not found for key: VVHPQFD3
WARNING: ISic003690, Zotero data not found for key: HSQETNGN
WARNING: ISic003694, Zotero data not found for key: BKW9Q5A57P38BEKQ
WARNING: ISic003694, Zotero data not found for key: UE7VX29V
WARNING: ISic003702, Zotero data not found for key: GP8EAVNI
WARNING: ISic003709, Zotero data not found for key: 69MUAI3U
WARNING: ISic003719, Zotero data not found for key: GZ4997ZA
WARNING: ISic004289, Zotero data not found for key: 9DVP3K82
WARNING: ISic004337, Zotero data not found for key: S3G73QA2
WARNING: ISic004337, Zotero data not found for key: S3G73QA2
WARNING: ISic004343, Zotero data not found for key: VVHPQFD3
WARNING: ISic004343, Zotero data not found for key: HSQETNGN
WARNING: ISic004353, Zotero data not found for key: S3G73QA2
WARNING: ISic004428, Zotero data not found for key: BKW9Q5A57P38BEKQ
WARNING: ISic004429, Zotero data not found for key: 5QX2D4PT
WARNING: ISic004437, Zotero data not found for key: SSEFJXD3
WARNING: ISic004485, Zotero data not found for key: BWAWZMS3
WARNING: ISic004487, Zotero data not found for key: 5EAJX28I
WARNING: ISic004487, Zotero data not found for key: Z9VHMSXN
WARNING: ISic004487, Zotero data not found for key: XJUBNCHS
WARNING: ISic004488, Zotero data not found for key: XJUBNCHS
WARNING: ISic004516, Zotero data not found for key: RW3TZH5H
WARNING: ISic004517, Zotero data not found for key: RW3TZH5H
WARNING: ISic004518, Zotero data not found for key: RW3TZH5H
WARNING: ISic004521, Zotero data not found for key: XJUBNCHS
WARNING: ISic010019, Zotero data not found for key: GP8C6MAM
WARNING: ISic020450, Zotero data not found for key: 5QX2D4PT
WARNING: ISic020558, Zotero data not found for key: UE7VX29V
WARNING: ISic020597, Zotero data not found for key: 5QX2D4PT
WARNING: ISic020606, Zotero data not found for key: UE7VX29V
WARNING: ISic020607, Zotero data not found for key: UE7VX29V
WARNING: ISic020619, Zotero data not found for key: UE7VX29V
WARNING: ISic020620, Zotero data not found for key: UE7VX29V
WARNING: ISic020621, Zotero data not found for key: UE7VX29V
WARNING: ISic020622, Zotero data not found for key: UE7VX29V
WARNING: ISic020623, Zotero data not found for key: UE7VX29V
WARNING: ISic020624, Zotero data not found for key: UE7VX29V
WARNING: ISic020625, Zotero data not found for key: UE7VX29V
WARNING: ISic020626, Zotero data not found for key: UE7VX29V
WARNING: ISic020627, Zotero data not found for key: UE7VX29V
WARNING: ISic020628, Zotero data not found for key: UE7VX29V
WARNING: ISic020629, Zotero data not found for key: UE7VX29V
WARNING: ISic020630, Zotero data not found for key: UE7VX29V
WARNING: ISic020631, Zotero data not found for key: UE7VX29V
WARNING: ISic020632, Zotero data not found for key: UE7VX29V
WARNING: ISic020633, Zotero data not found for key: UE7VX29V
WARNING: ISic020634, Zotero data not found for key: UE7VX29V
WARNING: ISic020635, Zotero data not found for key: UE7VX29V
WARNING: ISic020636, Zotero data not found for key: UE7VX29V
WARNING: ISic020637, Zotero data not found for key: UE7VX29V
WARNING: ISic020638, Zotero data not found for key: UE7VX29V
WARNING: ISic020639, Zotero data not found for key: UE7VX29V
WARNING: ISic020640, Zotero data not found for key: UE7VX29V
WARNING: ISic020641, Zotero data not found for key: UE7VX29V
WARNING: ISic020642, Zotero data not found for key: UE7VX29V
WARNING: ISic020643, Zotero data not found for key: UE7VX29V
WARNING: ISic020644, Zotero data not found for key: UE7VX29V
WARNING: ISic020705, Zotero data not found for key: UE7VX29V
WARNING: ISic020706, Zotero data not found for key: UE7VX29V
WARNING: ISic020707, Zotero data not found for key: UE7VX29V
WARNING: ISic020731, Zotero data not found for key: UE7VX29V
WARNING: ISic020732, Zotero data not found for key: UE7VX29V
WARNING: ISic020733, Zotero data not found for key: UE7VX29V
WARNING: ISic020734, Zotero data not found for key: UE7VX29V
WARNING: ISic020735, Zotero data not found for key: UE7VX29V
WARNING: ISic020736, Zotero data not found for key: UE7VX29V
WARNING: ISic020737, Zotero data not found for key: UE7VX29V
WARNING: ISic020738, Zotero data not found for key: UE7VX29V
WARNING: ISic020739, Zotero data not found for key: UE7VX29V
WARNING: ISic020740, Zotero data not found for key: UE7VX29V
WARNING: ISic020741, Zotero data not found for key: UE7VX29V
WARNING: ISic020742, Zotero data not found for key: UE7VX29V
WARNING: ISic020743, Zotero data not found for key: UE7VX29V
WARNING: ISic020744, Zotero data not found for key: UE7VX29V
WARNING: ISic020745, Zotero data not found for key: UE7VX29V
WARNING: ISic020746, Zotero data not found for key: UE7VX29V
WARNING: ISic020747, Zotero data not found for key: UE7VX29V
WARNING: ISic020748, Zotero data not found for key: UE7VX29V
WARNING: ISic020749, Zotero data not found for key: UE7VX29V
WARNING: ISic020750, Zotero data not found for key: UE7VX29V
WARNING: ISic020751, Zotero data not found for key: UE7VX29V
WARNING: ISic020752, Zotero data not found for key: UE7VX29V
WARNING: ISic020753, Zotero data not found for key: UE7VX29V
WARNING: ISic020754, Zotero data not found for key: UE7VX29V
WARNING: ISic020755, Zotero data not found for key: UE7VX29V
WARNING: ISic020756, Zotero data not found for key: UE7VX29V
WARNING: ISic020757, Zotero data not found for key: UE7VX29V
WARNING: ISic020758, Zotero data not found for key: UE7VX29V
WARNING: ISic020759, Zotero data not found for key: UE7VX29V
WARNING: ISic020760, Zotero data not found for key: UE7VX29V
WARNING: ISic020761, Zotero data not found for key: UE7VX29V
WARNING: ISic020762, Zotero data not found for key: UE7VX29V
WARNING: ISic020763, Zotero data not found for key: UE7VX29V
WARNING: ISic020764, Zotero data not found for key: UE7VX29V
WARNING: ISic020765, Zotero data not found for key: UE7VX29V
WARNING: ISic020766, Zotero data not found for key: UE7VX29V
WARNING: ISic020767, Zotero data not found for key: UE7VX29V
WARNING: ISic020768, Zotero data not found for key: UE7VX29V
WARNING: ISic020769, revisionDesc/@change="'#deprecation" but no change with that @id
WARNING: ISic020769, Zotero data not found for key: UE7VX29V
WARNING: ISic020770, Zotero data not found for key: UE7VX29V
WARNING: ISic020771, Zotero data not found for key: UE7VX29V
WARNING: ISic020772, Zotero data not found for key: UE7VX29V
WARNING: ISic020773, Zotero data not found for key: UE7VX29V
WARNING: ISic020774, Zotero data not found for key: UE7VX29V
WARNING: ISic020775, Zotero data not found for key: UE7VX29V
WARNING: ISic020776, Zotero data not found for key: UE7VX29V
WARNING: ISic020777, Zotero data not found for key: UE7VX29V
WARNING: ISic020778, Zotero data not found for key: UE7VX29V
WARNING: ISic020779, Zotero data not found for key: UE7VX29V
WARNING: ISic020780, Zotero data not found for key: UE7VX29V
WARNING: ISic020781, Zotero data not found for key: UE7VX29V
WARNING: ISic020782, Zotero data not found for key: UE7VX29V
WARNING: ISic020783, Zotero data not found for key: UE7VX29V
WARNING: ISic020784, Zotero data not found for key: UE7VX29V
WARNING: ISic020785, Zotero data not found for key: UE7VX29V
WARNING: ISic020786, Zotero data not found for key: UE7VX29V
WARNING: ISic020787, Zotero data not found for key: UE7VX29V
WARNING: ISic020788, Zotero data not found for key: UE7VX29V
WARNING: ISic020789, Zotero data not found for key: UE7VX29V
WARNING: ISic020790, Zotero data not found for key: UE7VX29V
WARNING: ISic020791, Zotero data not found for key: UE7VX29V
WARNING: ISic020792, Zotero data not found for key: UE7VX29V
WARNING: ISic020793, Zotero data not found for key: UE7VX29V
WARNING: ISic020794, Zotero data not found for key: UE7VX29V
WARNING: ISic020795, Zotero data not found for key: UE7VX29V
WARNING: ISic020796, Zotero data not found for key: UE7VX29V
WARNING: ISic020797, Zotero data not found for key: UE7VX29V
WARNING: ISic020798, Zotero data not found for key: UE7VX29V
WARNING: ISic020799, Zotero data not found for key: UE7VX29V
WARNING: ISic020800, Zotero data not found for key: UE7VX29V
WARNING: ISic020801, Zotero data not found for key: UE7VX29V
WARNING: ISic020802, Zotero data not found for key: UE7VX29V
WARNING: ISic020803, Zotero data not found for key: UE7VX29V
WARNING: ISic020804, Zotero data not found for key: UE7VX29V
WARNING: ISic020805, Zotero data not found for key: UE7VX29V
WARNING: ISic020806, Zotero data not found for key: UE7VX29V
WARNING: ISic020807, Zotero data not found for key: UE7VX29V
WARNING: ISic020808, Zotero data not found for key: UE7VX29V
WARNING: ISic020809, Zotero data not found for key: UE7VX29V
WARNING: ISic020810, Zotero data not found for key: UE7VX29V
WARNING: ISic020811, Zotero data not found for key: UE7VX29V
WARNING: ISic020812, Zotero data not found for key: UE7VX29V
WARNING: ISic020813, Zotero data not found for key: UE7VX29V
WARNING: ISic020814, Zotero data not found for key: UE7VX29V
WARNING: ISic020815, Zotero data not found for key: UE7VX29V
WARNING: ISic020843, Zotero data not found for key: UE7VX29V
WARNING: ISic020844, Zotero data not found for key: UE7VX29V
WARNING: ISic020845, Zotero data not found for key: UE7VX29V
WARNING: ISic020846, Zotero data not found for key: UE7VX29V
WARNING: ISic020847, Zotero data not found for key: UE7VX29V
WARNING: ISic020848, Zotero data not found for key: UE7VX29V
WARNING: ISic020849, Zotero data not found for key: UE7VX29V
WARNING: ISic020850, Zotero data not found for key: UE7VX29V
WARNING: ISic020851, Zotero data not found for key: UE7VX29V
WARNING: ISic020852, Zotero data not found for key: UE7VX29V
WARNING: ISic020853, Zotero data not found for key: UE7VX29V
WARNING: ISic020854, Zotero data not found for key: UE7VX29V
WARNING: ISic020855, Zotero data not found for key: UE7VX29V
WARNING: ISic020856, Zotero data not found for key: UE7VX29V
WARNING: ISic020857, Zotero data not found for key: UE7VX29V
WARNING: ISic020859, Zotero data not found for key: UE7VX29V
WARNING: ISic020860, Zotero data not found for key: UE7VX29V
WARNING: ISic020861, Zotero data not found for key: UE7VX29V
WARNING: ISic020862, Zotero data not found for key: UE7VX29V
WARNING: ISic020863, Zotero data not found for key: UE7VX29V
WARNING: ISic020864, Zotero data not found for key: UE7VX29V
WARNING: ISic020865, Zotero data not found for key: UE7VX29V
WARNING: ISic020866, Zotero data not found for key: UE7VX29V
WARNING: ISic020867, Zotero data not found for key: UE7VX29V
WARNING: ISic020868, Zotero data not found for key: UE7VX29V
WARNING: ISic020869, Zotero data not found for key: UE7VX29V
WARNING: ISic020870, Zotero data not found for key: UE7VX29V
WARNING: ISic020871, Zotero data not found for key: UE7VX29V
WARNING: ISic020872, Zotero data not found for key: UE7VX29V
WARNING: ISic020873, Zotero data not found for key: UE7VX29V
WARNING: ISic020938, Zotero data not found for key: RW3TZH5H
WARNING: ISic020938, Zotero data not found for key: 241664
WARNING: ISic020938, Zotero data not found for key: metadata-02-0000515.tkl
WARNING: ISic020946, Zotero data not found for key: VAAUGZYC
WARNING: ISic020946, Zotero data not found for key: VAAUGZYC
WARNING: ISic020947, Zotero data not found for key: SYUJJPT8
WARNING: ISic020948, Zotero data not found for key: A7KHWDI8
WARNING: ISic020948, Zotero data not found for key: A7KHWDI8
WARNING: ISic030002, Zotero data not found for key: QK67MZA7
WARNING: ISic030027, Zotero data not found for key: UE7VX29V
WARNING: ISic030035, Zotero data not found for key: GP888GFE
WARNING: ISic030036, Zotero data not found for key: GP888GFE
WARNING: ISic030112, Zotero data not found for key: BF3A9Z63
WARNING: ISic030279, Zotero data not found for key: MCBAPQH7
WARNING: ISic030280, Zotero data not found for key: MCBAPQH7
WARNING: ISic030334, Zotero data not found for key: 55QXQ7XE
WARNING: ISic030334, Zotero data not found for key: KV7SJ9VF
WARNING: ISic030334, Zotero data not found for key: ZZ2KHIMJ
WARNING: ISic030334, Zotero data not found for key: BMX56R43
